o_year|mkt_share
1995|0.0344358904066548
1996|0.04148552129353032
